// Vitest Snapshot v1, https://vitest.dev/guide/snapshot.html

exports[`CompanyLogo > should render the company logo 1`] = `
<body>
  <div>
    <div
      class="inline-block"
      data-testid="company-logo"
    >
      <span
        class="sr-only"
      >
        Blaiz Money
      </span>
      <svg
        class="lucide lucide-flame h-9 w-9 text-hue-500"
        fill="none"
        height="24"
        stroke="currentColor"
        stroke-linecap="round"
        stroke-linejoin="round"
        stroke-width="2"
        viewBox="0 0 24 24"
        width="24"
        xmlns="http://www.w3.org/2000/svg"
      >
        <path
          d="M8.5 14.5A2.5 2.5 0 0 0 11 12c0-1.38-.5-2-1-3-1.072-2.143-.224-4.054 2-6 .5 2.5 2 4.9 4 6.5 2 1.6 3 3.5 3 5.5a7 7 0 1 1-14 0c0-1.153.433-2.294 1-3a2.5 2.5 0 0 0 2.5 2.5z"
        />
      </svg>
    </div>
  </div>
</body>
`;
