// Vitest Snapshot v1, https://vitest.dev/guide/snapshot.html

exports[`FreeCounter > should render correctly 1`] = `
<body>
  <div>
    <div
      class="flex items-center gap-4"
      data-testid="free-counter"
    >
      <div
        class="space-y-2 whitespace-nowrap text-sm text-secondary-foreground"
      >
        <p
          id="progress-label"
        >
          0
           / 
          10
           Free Generations
        </p>
        <div
          aria-labelledby="progress-label"
          aria-valuemax="100"
          aria-valuemin="0"
          class="relative w-full overflow-hidden rounded-full bg-secondary h-3"
          data-max="100"
          data-state="indeterminate"
          role="progressbar"
        >
          <div
            class="h-full w-full flex-1 bg-primary transition-all"
            data-max="100"
            data-state="indeterminate"
            style="transform: translateX(-100%);"
          />
        </div>
      </div>
      <button
        class="inline-flex items-center justify-center whitespace-nowrap rounded-md text-sm font-medium ring-offset-background transition-colors focus-visible:outline-none focus-visible:ring-2 focus-visible:ring-ring focus-visible:ring-offset-2 disabled:pointer-events-none disabled:opacity-50 bg-gradient-to-r from-indigo-500 via-purple-500 to-pink-500 text-white border-0 h-10 px-4 py-2 w-full"
      >
        Upgrade
        <svg
          class="lucide lucide-zap ml-2 h-4 w-4 fill-white"
          fill="none"
          height="24"
          stroke="currentColor"
          stroke-linecap="round"
          stroke-linejoin="round"
          stroke-width="2"
          viewBox="0 0 24 24"
          width="24"
          xmlns="http://www.w3.org/2000/svg"
        >
          <polygon
            points="13 2 3 14 12 14 11 22 21 10 12 10 13 2"
          />
        </svg>
      </button>
    </div>
  </div>
</body>
`;
