// Vitest Snapshot v1, https://vitest.dev/guide/snapshot.html

exports[`Products > should display the title, price, rating, and images of each product 1`] = `
<body>
  <div>
    <section>
      <header
        class="flex flex-col"
      >
        <h2
          class="text-xl"
        >
          Products
        </h2>
        <h3
          class="text-muted-foreground"
        >
          <strong
            class="text-hue-color"
          >
            10 products
          </strong>
           in
           
          <strong
            class="text-hue-color"
          >
            Categories
          </strong>
        </h3>
      </header>
      <div
        class="grid grid-cols-2 gap-4 py-8 lg:grid-cols-3"
      >
        <article
          class="rounded-lg border bg-card text-card-foreground shadow-sm"
        >
          <div
            aria-roledescription="carousel"
            class="relative"
            role="region"
          >
            <div>
              <div
                aria-roledescription="slide"
                class="min-w-0 shrink-0 grow-0 basis-full pl-4"
                role="group"
              >
                <img
                  alt="Product 1"
                  class="aspect-square rounded-t-lg object-cover"
                  src="image1.jpg"
                />
              </div>
            </div>
          </div>
          <div
            class="flex flex-col p-6 space-y-0"
          >
            <h3
              class="tracking-tight line-clamp-2 text-base font-normal text-muted-foreground"
            >
              Product 1
            </h3>
            <div
              class="flex items-center justify-between"
            >
              <p
                class="text-lg font-bold"
              >
                $10
              </p>
              <div>
                <div
                  class="flex"
                >
                  <svg
                    class="h-5 w-5 text-hue-color"
                    fill="currentColor"
                    height="1em"
                    stroke="currentColor"
                    stroke-width="0"
                    viewBox="0 0 24 24"
                    width="1em"
                    xmlns="http://www.w3.org/2000/svg"
                  >
                    <path
                      d="M0 0h24v24H0z"
                      fill="none"
                    />
                    <path
                      d="M0 0h24v24H0z"
                      fill="none"
                    />
                    <path
                      d="M12 17.27 18.18 21l-1.64-7.03L22 9.24l-7.19-.61L12 2 9.19 8.63 2 9.24l5.46 4.73L5.82 21z"
                    />
                  </svg>
                  <svg
                    class="h-5 w-5 text-hue-color"
                    fill="currentColor"
                    height="1em"
                    stroke="currentColor"
                    stroke-width="0"
                    viewBox="0 0 24 24"
                    width="1em"
                    xmlns="http://www.w3.org/2000/svg"
                  >
                    <path
                      d="M0 0h24v24H0z"
                      fill="none"
                    />
                    <path
                      d="M0 0h24v24H0z"
                      fill="none"
                    />
                    <path
                      d="M12 17.27 18.18 21l-1.64-7.03L22 9.24l-7.19-.61L12 2 9.19 8.63 2 9.24l5.46 4.73L5.82 21z"
                    />
                  </svg>
                  <svg
                    class="h-5 w-5 text-hue-color"
                    fill="currentColor"
                    height="1em"
                    stroke="currentColor"
                    stroke-width="0"
                    viewBox="0 0 24 24"
                    width="1em"
                    xmlns="http://www.w3.org/2000/svg"
                  >
                    <path
                      d="M0 0h24v24H0z"
                      fill="none"
                    />
                    <path
                      d="M0 0h24v24H0z"
                      fill="none"
                    />
                    <path
                      d="M12 17.27 18.18 21l-1.64-7.03L22 9.24l-7.19-.61L12 2 9.19 8.63 2 9.24l5.46 4.73L5.82 21z"
                    />
                  </svg>
                  <svg
                    class="h-5 w-5 text-hue-color"
                    fill="currentColor"
                    height="1em"
                    stroke="currentColor"
                    stroke-width="0"
                    viewBox="0 0 24 24"
                    width="1em"
                    xmlns="http://www.w3.org/2000/svg"
                  >
                    <path
                      d="M0 0h24v24H0z"
                      fill="none"
                    />
                    <path
                      d="M0 0h24v24H0z"
                      fill="none"
                    />
                    <path
                      d="M12 17.27 18.18 21l-1.64-7.03L22 9.24l-7.19-.61L12 2 9.19 8.63 2 9.24l5.46 4.73L5.82 21z"
                    />
                  </svg>
                  <svg
                    class="h-5 w-5 text-muted"
                    fill="currentColor"
                    height="1em"
                    stroke="currentColor"
                    stroke-width="0"
                    viewBox="0 0 24 24"
                    width="1em"
                    xmlns="http://www.w3.org/2000/svg"
                  >
                    <path
                      d="M0 0h24v24H0z"
                      fill="none"
                    />
                    <path
                      d="M0 0h24v24H0z"
                      fill="none"
                    />
                    <path
                      d="M12 17.27 18.18 21l-1.64-7.03L22 9.24l-7.19-.61L12 2 9.19 8.63 2 9.24l5.46 4.73L5.82 21z"
                    />
                  </svg>
                  <span
                    class="text-muted-foreground"
                  >
                    (
                    4
                    )
                  </span>
                </div>
              </div>
            </div>
          </div>
          <footer
            class="flex items-center p-6 pt-0"
          >
            <button
              class="inline-flex items-center justify-center whitespace-nowrap rounded-md text-sm font-medium ring-offset-background transition-colors focus-visible:outline-none focus-visible:ring-2 focus-visible:ring-ring focus-visible:ring-offset-2 disabled:pointer-events-none disabled:opacity-50 bg-primary text-primary-foreground hover:bg-primary/90 h-10 px-4 py-2 w-full"
              type="button"
            >
              Add to Cart
            </button>
          </footer>
        </article>
        <article
          class="rounded-lg border bg-card text-card-foreground shadow-sm"
        >
          <div
            aria-roledescription="carousel"
            class="relative"
            role="region"
          >
            <div>
              <div
                aria-roledescription="slide"
                class="min-w-0 shrink-0 grow-0 basis-full pl-4"
                role="group"
              >
                <img
                  alt="Product 2"
                  class="aspect-square rounded-t-lg object-cover"
                  src="image2.jpg"
                />
              </div>
            </div>
          </div>
          <div
            class="flex flex-col p-6 space-y-0"
          >
            <h3
              class="tracking-tight line-clamp-2 text-base font-normal text-muted-foreground"
            >
              Product 2
            </h3>
            <div
              class="flex items-center justify-between"
            >
              <p
                class="text-lg font-bold"
              >
                $20
              </p>
              <div>
                <div
                  class="flex"
                >
                  <svg
                    class="h-5 w-5 text-hue-color"
                    fill="currentColor"
                    height="1em"
                    stroke="currentColor"
                    stroke-width="0"
                    viewBox="0 0 24 24"
                    width="1em"
                    xmlns="http://www.w3.org/2000/svg"
                  >
                    <path
                      d="M0 0h24v24H0z"
                      fill="none"
                    />
                    <path
                      d="M0 0h24v24H0z"
                      fill="none"
                    />
                    <path
                      d="M12 17.27 18.18 21l-1.64-7.03L22 9.24l-7.19-.61L12 2 9.19 8.63 2 9.24l5.46 4.73L5.82 21z"
                    />
                  </svg>
                  <svg
                    class="h-5 w-5 text-hue-color"
                    fill="currentColor"
                    height="1em"
                    stroke="currentColor"
                    stroke-width="0"
                    viewBox="0 0 24 24"
                    width="1em"
                    xmlns="http://www.w3.org/2000/svg"
                  >
                    <path
                      d="M0 0h24v24H0z"
                      fill="none"
                    />
                    <path
                      d="M0 0h24v24H0z"
                      fill="none"
                    />
                    <path
                      d="M12 17.27 18.18 21l-1.64-7.03L22 9.24l-7.19-.61L12 2 9.19 8.63 2 9.24l5.46 4.73L5.82 21z"
                    />
                  </svg>
                  <svg
                    class="h-5 w-5 text-hue-color"
                    fill="currentColor"
                    height="1em"
                    stroke="currentColor"
                    stroke-width="0"
                    viewBox="0 0 24 24"
                    width="1em"
                    xmlns="http://www.w3.org/2000/svg"
                  >
                    <path
                      d="M0 0h24v24H0z"
                      fill="none"
                    />
                    <path
                      d="M0 0h24v24H0z"
                      fill="none"
                    />
                    <path
                      d="M12 17.27 18.18 21l-1.64-7.03L22 9.24l-7.19-.61L12 2 9.19 8.63 2 9.24l5.46 4.73L5.82 21z"
                    />
                  </svg>
                  <svg
                    class="h-5 w-5 text-muted"
                    fill="currentColor"
                    height="1em"
                    stroke="currentColor"
                    stroke-width="0"
                    viewBox="0 0 24 24"
                    width="1em"
                    xmlns="http://www.w3.org/2000/svg"
                  >
                    <path
                      d="M0 0h24v24H0z"
                      fill="none"
                    />
                    <path
                      d="M0 0h24v24H0z"
                      fill="none"
                    />
                    <path
                      d="M12 17.27 18.18 21l-1.64-7.03L22 9.24l-7.19-.61L12 2 9.19 8.63 2 9.24l5.46 4.73L5.82 21z"
                    />
                  </svg>
                  <svg
                    class="h-5 w-5 text-muted"
                    fill="currentColor"
                    height="1em"
                    stroke="currentColor"
                    stroke-width="0"
                    viewBox="0 0 24 24"
                    width="1em"
                    xmlns="http://www.w3.org/2000/svg"
                  >
                    <path
                      d="M0 0h24v24H0z"
                      fill="none"
                    />
                    <path
                      d="M0 0h24v24H0z"
                      fill="none"
                    />
                    <path
                      d="M12 17.27 18.18 21l-1.64-7.03L22 9.24l-7.19-.61L12 2 9.19 8.63 2 9.24l5.46 4.73L5.82 21z"
                    />
                  </svg>
                  <span
                    class="text-muted-foreground"
                  >
                    (
                    3
                    )
                  </span>
                </div>
              </div>
            </div>
          </div>
          <footer
            class="flex items-center p-6 pt-0"
          >
            <button
              class="inline-flex items-center justify-center whitespace-nowrap rounded-md text-sm font-medium ring-offset-background transition-colors focus-visible:outline-none focus-visible:ring-2 focus-visible:ring-ring focus-visible:ring-offset-2 disabled:pointer-events-none disabled:opacity-50 bg-primary text-primary-foreground hover:bg-primary/90 h-10 px-4 py-2 w-full"
              type="button"
            >
              Add to Cart
            </button>
          </footer>
        </article>
      </div>
    </section>
  </div>
</body>
`;
