// Vitest Snapshot v1, https://vitest.dev/guide/snapshot.html

exports[`Container > should render a header with a title and description 1`] = `
<body>
  <div>
    <header
      class="my-8 flex items-stretch gap-x-6 px-4 lg:px-8"
    >
      <div
        class="flex items-center gap-x-3"
      >
        <div
          class="h-full flex-1"
        >
          <div
            class="w-fit rounded-md p-2"
          >
            <svg
              class="lucide lucide-star h-10 w-10"
              fill="none"
              height="24"
              stroke="currentColor"
              stroke-linecap="round"
              stroke-linejoin="round"
              stroke-width="2"
              viewBox="0 0 24 24"
              width="24"
              xmlns="http://www.w3.org/2000/svg"
            >
              <polygon
                points="12 2 15.09 8.26 22 9.27 17 14.14 18.18 21.02 12 17.77 5.82 21.02 7 14.14 2 9.27 8.91 8.26 12 2"
              />
            </svg>
          </div>
        </div>
        <div>
          <h2
            class="text-3xl font-bold"
          >
            Test Title
          </h2>
          <p
            class="max-w-[50ch] text-sm text-muted-foreground"
          >
            Test Description
          </p>
        </div>
      </div>
    </header>
  </div>
</body>
`;
