// Vitest Snapshot v1, https://vitest.dev/guide/snapshot.html

exports[`ListingLoader > should render correctly 1`] = `
<body>
  <div>
    <div
      class="rounded-lg border bg-card text-card-foreground shadow-sm"
    >
      <div
        class="flex flex-col space-y-1.5 p-6"
      >
        <div
          class="animate-pulse rounded-md bg-muted h-6"
        />
        <div
          class="flex h-7 items-center"
        >
          <div
            class="animate-pulse rounded-md bg-muted h-5 w-full"
          />
        </div>
      </div>
      <div
        class="p-6 pt-0 space-y-6"
      >
        <div
          class="animate-pulse rounded-md bg-muted aspect-video"
        />
        <div
          class="space-y-1.5 pt-1.5"
        >
          <div
            class="animate-pulse rounded-md bg-muted h-3.5 w-full"
          />
          <div
            class="animate-pulse rounded-md bg-muted h-3.5 w-full"
          />
          <div
            class="animate-pulse rounded-md bg-muted h-3.5 w-3/4"
          />
        </div>
      </div>
      <div
        class="items-center p-6 pt-0 flex gap-4"
      >
        <div
          class="animate-pulse rounded-md bg-muted h-10 w-20"
        />
        <div
          class="animate-pulse rounded-md bg-muted h-10 w-20"
        />
      </div>
    </div>
  </div>
</body>
`;
