// Vitest Snapshot v1, https://vitest.dev/guide/snapshot.html

exports[`PrivacyNotice > should render a div container with children when no 'as' prop is passed 1`] = `
<body>
  <div>
    <div
      class="text-foreground fixed inset-x-0 bottom-0 border-t border-border bg-background py-6"
    >
      <div
        class="mx-auto max-w-7xl px-6 lg:px-8 flex flex-col justify-between gap-x-8 gap-y-4 md:flex-row md:items-center"
      >
        <p
          class="text-background-foreground max-w-4xl text-sm leading-6"
        >
          This website uses cookies to supplement a balanced diet and provide a much deserved reward to the senses after consuming bland but nutritious meals. Accepting our cookies is optional but recommended, as they are delicious. See our
           
          <a
            class="font-semibold text-hue-700 dark:text-hue-400"
            href="#"
          >
            cookie policy
          </a>
          .
        </p>
        <div
          class="flex flex-none items-center gap-x-5"
        >
          <button
            class="inline-flex items-center justify-center whitespace-nowrap rounded-md text-sm font-medium ring-offset-background transition-colors focus-visible:outline-none focus-visible:ring-2 focus-visible:ring-ring focus-visible:ring-offset-2 disabled:pointer-events-none disabled:opacity-50 bg-primary text-primary-foreground hover:bg-primary/90 h-10 px-4 py-2"
            type="button"
          >
            Accept all
          </button>
          <button
            class="inline-flex items-center justify-center whitespace-nowrap rounded-md text-sm font-medium ring-offset-background transition-colors focus-visible:outline-none focus-visible:ring-2 focus-visible:ring-ring focus-visible:ring-offset-2 disabled:pointer-events-none disabled:opacity-50 border border-input bg-background hover:bg-accent hover:text-accent-foreground h-10 px-4 py-2"
            type="button"
          >
            Reject all
          </button>
        </div>
      </div>
    </div>
    <div
      style="height: 0px;"
    />
  </div>
</body>
`;
