// Vitest Snapshot v1, https://vitest.dev/guide/snapshot.html

exports[`ToasterWrapper > should render children and Toaster component 1`] = `
<body>
  <div>
    <div>
      Test Children
    </div>
    <div
      aria-label="Notifications (F8)"
      role="region"
      style="pointer-events: none;"
      tabindex="-1"
    >
      <ol
        class="fixed top-0 z-[100] flex max-h-screen w-full flex-col-reverse p-4 sm:bottom-0 sm:right-0 sm:top-auto sm:flex-col md:max-w-[420px]"
        tabindex="-1"
      />
    </div>
  </div>
</body>
`;
